2026-04-30T00:00:02.123+02:00  INFO 20748 --- [lab1_eimt_fulll] [scheduling-1] w.l.b.s.a.MaterializedViewRefreshService : Zapocnuvanje so refresh na materialized view: book_category_stats
2026-04-30T00:00:02.145+02:00 DEBUG 20748 --- [lab1_eimt_fulll] [scheduling-1] org.hibernate.SQL                        : REFRESH MATERIALIZED VIEW book_category_stats
2026-04-30T00:00:02.155+02:00  INFO 20748 --- [lab1_eimt_fulll] [scheduling-1] w.l.b.s.a.MaterializedViewRefreshService : Materialized view book_category_stats e uspesno zavrsen
2026-04-30T00:00:22.138+02:00  INFO 20748 --- [lab1_eimt_fulll] [scheduling-1] w.l.b.s.a.MaterializedViewRefreshService : Zapocnuvanje so refresh na materialized view: book_category_stats
2026-04-30T00:00:22.138+02:00 DEBUG 20748 --- [lab1_eimt_fulll] [scheduling-1] org.hibernate.SQL                        : REFRESH MATERIALIZED VIEW book_category_stats
2026-04-30T00:00:22.149+02:00  INFO 20748 --- [lab1_eimt_fulll] [scheduling-1] w.l.b.s.a.MaterializedViewRefreshService : Materialized view book_category_stats e uspesno zavrsen
2026-04-30T00:00:42.126+02:00  INFO 20748 --- [lab1_eimt_fulll] [scheduling-1] w.l.b.s.a.MaterializedViewRefreshService : Zapocnuvanje so refresh na materialized view: book_category_stats
2026-04-30T00:00:42.126+02:00 DEBUG 20748 --- [lab1_eimt_fulll] [scheduling-1] org.hibernate.SQL                        : REFRESH MATERIALIZED VIEW book_category_stats
2026-04-30T00:00:42.138+02:00  INFO 20748 --- [lab1_eimt_fulll] [scheduling-1] w.l.b.s.a.MaterializedViewRefreshService : Materialized view book_category_stats e uspesno zavrsen
2026-04-30T00:00:56.150+02:00 DEBUG 20748 --- [lab1_eimt_fulll] [http-nio-8080-exec-8] org.hibernate.SQL                        : select u1_0.id,u1_0.created_at,u1_0.email,u1_0.name,u1_0.password,u1_0.role,u1_0.surname,u1_0.updated_at,u1_0.username from users u1_0 where u1_0.username=?
2026-04-30T00:00:56.154+02:00 TRACE 20748 --- [lab1_eimt_fulll] [http-nio-8080-exec-8] org.hibernate.orm.jdbc.bind              : binding parameter (1:VARCHAR) <- [bk]
2026-04-30T00:00:56.171+02:00 DEBUG 20748 --- [lab1_eimt_fulll] [http-nio-8080-exec-8] org.hibernate.SQL                        : select b1_0.id,b1_0.author_id,b1_0.available_copies,b1_0.book_state,b1_0.category,b1_0.created_at,b1_0.date_published,b1_0.title,b1_0.updated_at from book b1_0
2026-04-30T00:00:56.176+02:00 DEBUG 20748 --- [lab1_eimt_fulll] [http-nio-8080-exec-8] org.hibernate.SQL                        : select a1_0.id,c1_0.id,c1_0.continent,c1_0.name,a1_0.created_at,a1_0.name,a1_0.surname,a1_0.updated_at from author a1_0 left join country c1_0 on c1_0.id=a1_0.country_id where a1_0.id=?
2026-04-30T00:00:56.176+02:00 TRACE 20748 --- [lab1_eimt_fulll] [http-nio-8080-exec-8] org.hibernate.orm.jdbc.bind              : binding parameter (1:BIGINT) <- [3]
2026-04-30T00:00:56.182+02:00 DEBUG 20748 --- [lab1_eimt_fulll] [http-nio-8080-exec-8] org.hibernate.SQL                        : select a1_0.id,c1_0.id,c1_0.continent,c1_0.name,a1_0.created_at,a1_0.name,a1_0.surname,a1_0.updated_at from author a1_0 left join country c1_0 on c1_0.id=a1_0.country_id where a1_0.id=?
2026-04-30T00:00:56.182+02:00 TRACE 20748 --- [lab1_eimt_fulll] [http-nio-8080-exec-8] org.hibernate.orm.jdbc.bind              : binding parameter (1:BIGINT) <- [2]
2026-04-30T00:00:56.187+02:00 DEBUG 20748 --- [lab1_eimt_fulll] [http-nio-8080-exec-8] org.hibernate.SQL                        : select a1_0.id,c1_0.id,c1_0.continent,c1_0.name,a1_0.created_at,a1_0.name,a1_0.surname,a1_0.updated_at from author a1_0 left join country c1_0 on c1_0.id=a1_0.country_id where a1_0.id=?
2026-04-30T00:00:56.188+02:00 TRACE 20748 --- [lab1_eimt_fulll] [http-nio-8080-exec-8] org.hibernate.orm.jdbc.bind              : binding parameter (1:BIGINT) <- [1]
2026-04-30T00:00:56.201+02:00 DEBUG 20748 --- [lab1_eimt_fulll] [http-nio-8080-exec-9] org.hibernate.SQL                        : select u1_0.id,u1_0.created_at,u1_0.email,u1_0.name,u1_0.password,u1_0.role,u1_0.surname,u1_0.updated_at,u1_0.username from users u1_0 where u1_0.username=?
2026-04-30T00:00:56.201+02:00 TRACE 20748 --- [lab1_eimt_fulll] [http-nio-8080-exec-9] org.hibernate.orm.jdbc.bind              : binding parameter (1:VARCHAR) <- [bk]
2026-04-30T00:00:56.212+02:00 DEBUG 20748 --- [lab1_eimt_fulll] [http-nio-8080-exec-9] org.hibernate.SQL                        : select b1_0.id,b1_0.author_id,b1_0.available_copies,b1_0.book_state,b1_0.category,b1_0.created_at,b1_0.date_published,b1_0.title,b1_0.updated_at from book b1_0
2026-04-30T00:00:56.215+02:00 DEBUG 20748 --- [lab1_eimt_fulll] [http-nio-8080-exec-9] org.hibernate.SQL                        : select a1_0.id,c1_0.id,c1_0.continent,c1_0.name,a1_0.created_at,a1_0.name,a1_0.surname,a1_0.updated_at from author a1_0 left join country c1_0 on c1_0.id=a1_0.country_id where a1_0.id=?
2026-04-30T00:00:56.216+02:00 TRACE 20748 --- [lab1_eimt_fulll] [http-nio-8080-exec-9] org.hibernate.orm.jdbc.bind              : binding parameter (1:BIGINT) <- [3]
2026-04-30T00:00:56.219+02:00 DEBUG 20748 --- [lab1_eimt_fulll] [http-nio-8080-exec-9] org.hibernate.SQL                        : select a1_0.id,c1_0.id,c1_0.continent,c1_0.name,a1_0.created_at,a1_0.name,a1_0.surname,a1_0.updated_at from author a1_0 left join country c1_0 on c1_0.id=a1_0.country_id where a1_0.id=?
2026-04-30T00:00:56.219+02:00 TRACE 20748 --- [lab1_eimt_fulll] [http-nio-8080-exec-9] org.hibernate.orm.jdbc.bind              : binding parameter (1:BIGINT) <- [2]
2026-04-30T00:00:56.223+02:00 DEBUG 20748 --- [lab1_eimt_fulll] [http-nio-8080-exec-9] org.hibernate.SQL                        : select a1_0.id,c1_0.id,c1_0.continent,c1_0.name,a1_0.created_at,a1_0.name,a1_0.surname,a1_0.updated_at from author a1_0 left join country c1_0 on c1_0.id=a1_0.country_id where a1_0.id=?
2026-04-30T00:00:56.223+02:00 TRACE 20748 --- [lab1_eimt_fulll] [http-nio-8080-exec-9] org.hibernate.orm.jdbc.bind              : binding parameter (1:BIGINT) <- [1]
2026-04-30T00:00:57.648+02:00 DEBUG 20748 --- [lab1_eimt_fulll] [http-nio-8080-exec-2] org.hibernate.SQL                        : select u1_0.id,u1_0.created_at,u1_0.email,u1_0.name,u1_0.password,u1_0.role,u1_0.surname,u1_0.updated_at,u1_0.username from users u1_0 where u1_0.username=?
2026-04-30T00:00:57.652+02:00 TRACE 20748 --- [lab1_eimt_fulll] [http-nio-8080-exec-2] org.hibernate.orm.jdbc.bind              : binding parameter (1:VARCHAR) <- [bk]
2026-04-30T00:00:57.662+02:00 DEBUG 20748 --- [lab1_eimt_fulll] [http-nio-8080-exec-2] org.hibernate.SQL                        : select b1_0.id,a1_0.id,c1_0.id,c1_0.continent,c1_0.name,a1_0.created_at,a1_0.name,a1_0.surname,a1_0.updated_at,b1_0.available_copies,b1_0.book_state,b1_0.category,b1_0.created_at,b1_0.date_published,b1_0.title,b1_0.updated_at from book b1_0 left join author a1_0 on a1_0.id=b1_0.author_id left join country c1_0 on c1_0.id=a1_0.country_id where b1_0.id=?
2026-04-30T00:00:57.662+02:00 TRACE 20748 --- [lab1_eimt_fulll] [http-nio-8080-exec-2] org.hibernate.orm.jdbc.bind              : binding parameter (1:BIGINT) <- [5]
2026-04-30T00:00:57.680+02:00 DEBUG 20748 --- [lab1_eimt_fulll] [http-nio-8080-exec-4] org.hibernate.SQL                        : select u1_0.id,u1_0.created_at,u1_0.email,u1_0.name,u1_0.password,u1_0.role,u1_0.surname,u1_0.updated_at,u1_0.username from users u1_0 where u1_0.username=?
2026-04-30T00:00:57.680+02:00 TRACE 20748 --- [lab1_eimt_fulll] [http-nio-8080-exec-4] org.hibernate.orm.jdbc.bind              : binding parameter (1:VARCHAR) <- [bk]
2026-04-30T00:00:57.687+02:00 DEBUG 20748 --- [lab1_eimt_fulll] [http-nio-8080-exec-4] org.hibernate.SQL                        : select b1_0.id,a1_0.id,c1_0.id,c1_0.continent,c1_0.name,a1_0.created_at,a1_0.name,a1_0.surname,a1_0.updated_at,b1_0.available_copies,b1_0.book_state,b1_0.category,b1_0.created_at,b1_0.date_published,b1_0.title,b1_0.updated_at from book b1_0 left join author a1_0 on a1_0.id=b1_0.author_id left join country c1_0 on c1_0.id=a1_0.country_id where b1_0.id=?
2026-04-30T00:00:57.688+02:00 TRACE 20748 --- [lab1_eimt_fulll] [http-nio-8080-exec-4] org.hibernate.orm.jdbc.bind              : binding parameter (1:BIGINT) <- [5]
2026-04-30T00:00:59.536+02:00 DEBUG 20748 --- [lab1_eimt_fulll] [http-nio-8080-exec-3] org.hibernate.SQL                        : select u1_0.id,u1_0.created_at,u1_0.email,u1_0.name,u1_0.password,u1_0.role,u1_0.surname,u1_0.updated_at,u1_0.username from users u1_0 where u1_0.username=?
2026-04-30T00:00:59.539+02:00 TRACE 20748 --- [lab1_eimt_fulll] [http-nio-8080-exec-3] org.hibernate.orm.jdbc.bind              : binding parameter (1:VARCHAR) <- [bk]
2026-04-30T00:00:59.548+02:00 DEBUG 20748 --- [lab1_eimt_fulll] [http-nio-8080-exec-3] org.hibernate.SQL                        : select b1_0.id,b1_0.author_id,b1_0.available_copies,b1_0.book_state,b1_0.category,b1_0.created_at,b1_0.date_published,b1_0.title,b1_0.updated_at from book b1_0
2026-04-30T00:00:59.552+02:00 DEBUG 20748 --- [lab1_eimt_fulll] [http-nio-8080-exec-3] org.hibernate.SQL                        : select a1_0.id,c1_0.id,c1_0.continent,c1_0.name,a1_0.created_at,a1_0.name,a1_0.surname,a1_0.updated_at from author a1_0 left join country c1_0 on c1_0.id=a1_0.country_id where a1_0.id=?
2026-04-30T00:00:59.553+02:00 TRACE 20748 --- [lab1_eimt_fulll] [http-nio-8080-exec-3] org.hibernate.orm.jdbc.bind              : binding parameter (1:BIGINT) <- [3]
2026-04-30T00:00:59.557+02:00 DEBUG 20748 --- [lab1_eimt_fulll] [http-nio-8080-exec-3] org.hibernate.SQL                        : select a1_0.id,c1_0.id,c1_0.continent,c1_0.name,a1_0.created_at,a1_0.name,a1_0.surname,a1_0.updated_at from author a1_0 left join country c1_0 on c1_0.id=a1_0.country_id where a1_0.id=?
2026-04-30T00:00:59.557+02:00 TRACE 20748 --- [lab1_eimt_fulll] [http-nio-8080-exec-3] org.hibernate.orm.jdbc.bind              : binding parameter (1:BIGINT) <- [2]
2026-04-30T00:00:59.562+02:00 DEBUG 20748 --- [lab1_eimt_fulll] [http-nio-8080-exec-3] org.hibernate.SQL                        : select a1_0.id,c1_0.id,c1_0.continent,c1_0.name,a1_0.created_at,a1_0.name,a1_0.surname,a1_0.updated_at from author a1_0 left join country c1_0 on c1_0.id=a1_0.country_id where a1_0.id=?
2026-04-30T00:00:59.562+02:00 TRACE 20748 --- [lab1_eimt_fulll] [http-nio-8080-exec-3] org.hibernate.orm.jdbc.bind              : binding parameter (1:BIGINT) <- [1]
2026-04-30T00:00:59.578+02:00 DEBUG 20748 --- [lab1_eimt_fulll] [http-nio-8080-exec-6] org.hibernate.SQL                        : select u1_0.id,u1_0.created_at,u1_0.email,u1_0.name,u1_0.password,u1_0.role,u1_0.surname,u1_0.updated_at,u1_0.username from users u1_0 where u1_0.username=?
2026-04-30T00:00:59.578+02:00 TRACE 20748 --- [lab1_eimt_fulll] [http-nio-8080-exec-6] org.hibernate.orm.jdbc.bind              : binding parameter (1:VARCHAR) <- [bk]
2026-04-30T00:00:59.587+02:00 DEBUG 20748 --- [lab1_eimt_fulll] [http-nio-8080-exec-6] org.hibernate.SQL                        : select b1_0.id,b1_0.author_id,b1_0.available_copies,b1_0.book_state,b1_0.category,b1_0.created_at,b1_0.date_published,b1_0.title,b1_0.updated_at from book b1_0
2026-04-30T00:00:59.591+02:00 DEBUG 20748 --- [lab1_eimt_fulll] [http-nio-8080-exec-6] org.hibernate.SQL                        : select a1_0.id,c1_0.id,c1_0.continent,c1_0.name,a1_0.created_at,a1_0.name,a1_0.surname,a1_0.updated_at from author a1_0 left join country c1_0 on c1_0.id=a1_0.country_id where a1_0.id=?
2026-04-30T00:00:59.591+02:00 TRACE 20748 --- [lab1_eimt_fulll] [http-nio-8080-exec-6] org.hibernate.orm.jdbc.bind              : binding parameter (1:BIGINT) <- [3]
2026-04-30T00:00:59.596+02:00 DEBUG 20748 --- [lab1_eimt_fulll] [http-nio-8080-exec-6] org.hibernate.SQL                        : select a1_0.id,c1_0.id,c1_0.continent,c1_0.name,a1_0.created_at,a1_0.name,a1_0.surname,a1_0.updated_at from author a1_0 left join country c1_0 on c1_0.id=a1_0.country_id where a1_0.id=?
2026-04-30T00:00:59.596+02:00 TRACE 20748 --- [lab1_eimt_fulll] [http-nio-8080-exec-6] org.hibernate.orm.jdbc.bind              : binding parameter (1:BIGINT) <- [2]
2026-04-30T00:00:59.599+02:00 DEBUG 20748 --- [lab1_eimt_fulll] [http-nio-8080-exec-6] org.hibernate.SQL                        : select a1_0.id,c1_0.id,c1_0.continent,c1_0.name,a1_0.created_at,a1_0.name,a1_0.surname,a1_0.updated_at from author a1_0 left join country c1_0 on c1_0.id=a1_0.country_id where a1_0.id=?
2026-04-30T00:00:59.599+02:00 TRACE 20748 --- [lab1_eimt_fulll] [http-nio-8080-exec-6] org.hibernate.orm.jdbc.bind              : binding parameter (1:BIGINT) <- [1]
2026-04-30T00:01:02.137+02:00  INFO 20748 --- [lab1_eimt_fulll] [scheduling-1] w.l.b.s.a.MaterializedViewRefreshService : Zapocnuvanje so refresh na materialized view: book_category_stats
2026-04-30T00:01:02.137+02:00 DEBUG 20748 --- [lab1_eimt_fulll] [scheduling-1] org.hibernate.SQL                        : REFRESH MATERIALIZED VIEW book_category_stats
2026-04-30T00:01:02.159+02:00  INFO 20748 --- [lab1_eimt_fulll] [scheduling-1] w.l.b.s.a.MaterializedViewRefreshService : Materialized view book_category_stats e uspesno zavrsen
2026-04-30T00:01:02.585+02:00 DEBUG 20748 --- [lab1_eimt_fulll] [http-nio-8080-exec-8] org.hibernate.SQL                        : select u1_0.id,u1_0.created_at,u1_0.email,u1_0.name,u1_0.password,u1_0.role,u1_0.surname,u1_0.updated_at,u1_0.username from users u1_0 where u1_0.username=?
2026-04-30T00:01:02.588+02:00 TRACE 20748 --- [lab1_eimt_fulll] [http-nio-8080-exec-8] org.hibernate.orm.jdbc.bind              : binding parameter (1:VARCHAR) <- [bk]
2026-04-30T00:01:02.598+02:00 DEBUG 20748 --- [lab1_eimt_fulll] [http-nio-8080-exec-8] org.hibernate.SQL                        : select a1_0.id,a1_0.country_id,a1_0.created_at,a1_0.name,a1_0.surname,a1_0.updated_at from author a1_0
2026-04-30T00:01:02.602+02:00 DEBUG 20748 --- [lab1_eimt_fulll] [http-nio-8080-exec-8] org.hibernate.SQL                        : select c1_0.id,c1_0.continent,c1_0.name from country c1_0 where c1_0.id=?
2026-04-30T00:01:02.602+02:00 TRACE 20748 --- [lab1_eimt_fulll] [http-nio-8080-exec-8] org.hibernate.orm.jdbc.bind              : binding parameter (1:BIGINT) <- [1]
2026-04-30T00:01:02.605+02:00 DEBUG 20748 --- [lab1_eimt_fulll] [http-nio-8080-exec-8] org.hibernate.SQL                        : select c1_0.id,c1_0.continent,c1_0.name from country c1_0 where c1_0.id=?
2026-04-30T00:01:02.605+02:00 TRACE 20748 --- [lab1_eimt_fulll] [http-nio-8080-exec-8] org.hibernate.orm.jdbc.bind              : binding parameter (1:BIGINT) <- [2]
2026-04-30T00:01:02.608+02:00 DEBUG 20748 --- [lab1_eimt_fulll] [http-nio-8080-exec-8] org.hibernate.SQL                        : select c1_0.id,c1_0.continent,c1_0.name from country c1_0 where c1_0.id=?
2026-04-30T00:01:02.608+02:00 TRACE 20748 --- [lab1_eimt_fulll] [http-nio-8080-exec-8] org.hibernate.orm.jdbc.bind              : binding parameter (1:BIGINT) <- [3]
2026-04-30T00:01:02.621+02:00 DEBUG 20748 --- [lab1_eimt_fulll] [http-nio-8080-exec-9] org.hibernate.SQL                        : select u1_0.id,u1_0.created_at,u1_0.email,u1_0.name,u1_0.password,u1_0.role,u1_0.surname,u1_0.updated_at,u1_0.username from users u1_0 where u1_0.username=?
2026-04-30T00:01:02.622+02:00 TRACE 20748 --- [lab1_eimt_fulll] [http-nio-8080-exec-9] org.hibernate.orm.jdbc.bind              : binding parameter (1:VARCHAR) <- [bk]
2026-04-30T00:01:02.632+02:00 DEBUG 20748 --- [lab1_eimt_fulll] [http-nio-8080-exec-9] org.hibernate.SQL                        : select a1_0.id,a1_0.country_id,a1_0.created_at,a1_0.name,a1_0.surname,a1_0.updated_at from author a1_0
2026-04-30T00:01:02.636+02:00 DEBUG 20748 --- [lab1_eimt_fulll] [http-nio-8080-exec-9] org.hibernate.SQL                        : select c1_0.id,c1_0.continent,c1_0.name from country c1_0 where c1_0.id=?
2026-04-30T00:01:02.636+02:00 TRACE 20748 --- [lab1_eimt_fulll] [http-nio-8080-exec-9] org.hibernate.orm.jdbc.bind              : binding parameter (1:BIGINT) <- [1]
2026-04-30T00:01:02.640+02:00 DEBUG 20748 --- [lab1_eimt_fulll] [http-nio-8080-exec-9] org.hibernate.SQL                        : select c1_0.id,c1_0.continent,c1_0.name from country c1_0 where c1_0.id=?
2026-04-30T00:01:02.641+02:00 TRACE 20748 --- [lab1_eimt_fulll] [http-nio-8080-exec-9] org.hibernate.orm.jdbc.bind              : binding parameter (1:BIGINT) <- [2]
2026-04-30T00:01:02.645+02:00 DEBUG 20748 --- [lab1_eimt_fulll] [http-nio-8080-exec-9] org.hibernate.SQL                        : select c1_0.id,c1_0.continent,c1_0.name from country c1_0 where c1_0.id=?
2026-04-30T00:01:02.645+02:00 TRACE 20748 --- [lab1_eimt_fulll] [http-nio-8080-exec-9] org.hibernate.orm.jdbc.bind              : binding parameter (1:BIGINT) <- [3]
2026-04-30T00:01:03.788+02:00 DEBUG 20748 --- [lab1_eimt_fulll] [http-nio-8080-exec-2] org.hibernate.SQL                        : select u1_0.id,u1_0.created_at,u1_0.email,u1_0.name,u1_0.password,u1_0.role,u1_0.surname,u1_0.updated_at,u1_0.username from users u1_0 where u1_0.username=?
2026-04-30T00:01:03.791+02:00 TRACE 20748 --- [lab1_eimt_fulll] [http-nio-8080-exec-2] org.hibernate.orm.jdbc.bind              : binding parameter (1:VARCHAR) <- [bk]
2026-04-30T00:01:03.800+02:00 DEBUG 20748 --- [lab1_eimt_fulll] [http-nio-8080-exec-2] org.hibernate.SQL                        : select a1_0.id,c1_0.id,c1_0.continent,c1_0.name,a1_0.created_at,a1_0.name,a1_0.surname,a1_0.updated_at from author a1_0 left join country c1_0 on c1_0.id=a1_0.country_id where a1_0.id=?
2026-04-30T00:01:03.800+02:00 TRACE 20748 --- [lab1_eimt_fulll] [http-nio-8080-exec-2] org.hibernate.orm.jdbc.bind              : binding parameter (1:BIGINT) <- [2]
2026-04-30T00:01:03.817+02:00 DEBUG 20748 --- [lab1_eimt_fulll] [http-nio-8080-exec-4] org.hibernate.SQL                        : select u1_0.id,u1_0.created_at,u1_0.email,u1_0.name,u1_0.password,u1_0.role,u1_0.surname,u1_0.updated_at,u1_0.username from users u1_0 where u1_0.username=?
2026-04-30T00:01:03.817+02:00 TRACE 20748 --- [lab1_eimt_fulll] [http-nio-8080-exec-4] org.hibernate.orm.jdbc.bind              : binding parameter (1:VARCHAR) <- [bk]
2026-04-30T00:01:03.826+02:00 DEBUG 20748 --- [lab1_eimt_fulll] [http-nio-8080-exec-4] org.hibernate.SQL                        : select a1_0.id,c1_0.id,c1_0.continent,c1_0.name,a1_0.created_at,a1_0.name,a1_0.surname,a1_0.updated_at from author a1_0 left join country c1_0 on c1_0.id=a1_0.country_id where a1_0.id=?
2026-04-30T00:01:03.826+02:00 TRACE 20748 --- [lab1_eimt_fulll] [http-nio-8080-exec-4] org.hibernate.orm.jdbc.bind              : binding parameter (1:BIGINT) <- [2]
2026-04-30T00:01:04.943+02:00 DEBUG 20748 --- [lab1_eimt_fulll] [http-nio-8080-exec-3] org.hibernate.SQL                        : select u1_0.id,u1_0.created_at,u1_0.email,u1_0.name,u1_0.password,u1_0.role,u1_0.surname,u1_0.updated_at,u1_0.username from users u1_0 where u1_0.username=?
2026-04-30T00:01:04.949+02:00 TRACE 20748 --- [lab1_eimt_fulll] [http-nio-8080-exec-3] org.hibernate.orm.jdbc.bind              : binding parameter (1:VARCHAR) <- [bk]
2026-04-30T00:01:04.957+02:00 DEBUG 20748 --- [lab1_eimt_fulll] [http-nio-8080-exec-3] org.hibernate.SQL                        : select a1_0.id,a1_0.country_id,a1_0.created_at,a1_0.name,a1_0.surname,a1_0.updated_at from author a1_0
2026-04-30T00:01:04.961+02:00 DEBUG 20748 --- [lab1_eimt_fulll] [http-nio-8080-exec-3] org.hibernate.SQL                        : select c1_0.id,c1_0.continent,c1_0.name from country c1_0 where c1_0.id=?
2026-04-30T00:01:04.961+02:00 TRACE 20748 --- [lab1_eimt_fulll] [http-nio-8080-exec-3] org.hibernate.orm.jdbc.bind              : binding parameter (1:BIGINT) <- [1]
2026-04-30T00:01:04.965+02:00 DEBUG 20748 --- [lab1_eimt_fulll] [http-nio-8080-exec-3] org.hibernate.SQL                        : select c1_0.id,c1_0.continent,c1_0.name from country c1_0 where c1_0.id=?
2026-04-30T00:01:04.965+02:00 TRACE 20748 --- [lab1_eimt_fulll] [http-nio-8080-exec-3] org.hibernate.orm.jdbc.bind              : binding parameter (1:BIGINT) <- [2]
2026-04-30T00:01:04.969+02:00 DEBUG 20748 --- [lab1_eimt_fulll] [http-nio-8080-exec-3] org.hibernate.SQL                        : select c1_0.id,c1_0.continent,c1_0.name from country c1_0 where c1_0.id=?
2026-04-30T00:01:04.969+02:00 TRACE 20748 --- [lab1_eimt_fulll] [http-nio-8080-exec-3] org.hibernate.orm.jdbc.bind              : binding parameter (1:BIGINT) <- [3]
2026-04-30T00:01:04.982+02:00 DEBUG 20748 --- [lab1_eimt_fulll] [http-nio-8080-exec-6] org.hibernate.SQL                        : select u1_0.id,u1_0.created_at,u1_0.email,u1_0.name,u1_0.password,u1_0.role,u1_0.surname,u1_0.updated_at,u1_0.username from users u1_0 where u1_0.username=?
2026-04-30T00:01:04.983+02:00 TRACE 20748 --- [lab1_eimt_fulll] [http-nio-8080-exec-6] org.hibernate.orm.jdbc.bind              : binding parameter (1:VARCHAR) <- [bk]
2026-04-30T00:01:04.992+02:00 DEBUG 20748 --- [lab1_eimt_fulll] [http-nio-8080-exec-6] org.hibernate.SQL                        : select a1_0.id,a1_0.country_id,a1_0.created_at,a1_0.name,a1_0.surname,a1_0.updated_at from author a1_0
2026-04-30T00:01:04.995+02:00 DEBUG 20748 --- [lab1_eimt_fulll] [http-nio-8080-exec-6] org.hibernate.SQL                        : select c1_0.id,c1_0.continent,c1_0.name from country c1_0 where c1_0.id=?
2026-04-30T00:01:04.995+02:00 TRACE 20748 --- [lab1_eimt_fulll] [http-nio-8080-exec-6] org.hibernate.orm.jdbc.bind              : binding parameter (1:BIGINT) <- [1]
2026-04-30T00:01:04.999+02:00 DEBUG 20748 --- [lab1_eimt_fulll] [http-nio-8080-exec-6] org.hibernate.SQL                        : select c1_0.id,c1_0.continent,c1_0.name from country c1_0 where c1_0.id=?
2026-04-30T00:01:05.000+02:00 TRACE 20748 --- [lab1_eimt_fulll] [http-nio-8080-exec-6] org.hibernate.orm.jdbc.bind              : binding parameter (1:BIGINT) <- [2]
2026-04-30T00:01:05.003+02:00 DEBUG 20748 --- [lab1_eimt_fulll] [http-nio-8080-exec-6] org.hibernate.SQL                        : select c1_0.id,c1_0.continent,c1_0.name from country c1_0 where c1_0.id=?
2026-04-30T00:01:05.004+02:00 TRACE 20748 --- [lab1_eimt_fulll] [http-nio-8080-exec-6] org.hibernate.orm.jdbc.bind              : binding parameter (1:BIGINT) <- [3]
2026-04-30T00:01:05.655+02:00 DEBUG 20748 --- [lab1_eimt_fulll] [http-nio-8080-exec-8] org.hibernate.SQL                        : select u1_0.id,u1_0.created_at,u1_0.email,u1_0.name,u1_0.password,u1_0.role,u1_0.surname,u1_0.updated_at,u1_0.username from users u1_0 where u1_0.username=?
2026-04-30T00:01:05.659+02:00 TRACE 20748 --- [lab1_eimt_fulll] [http-nio-8080-exec-8] org.hibernate.orm.jdbc.bind              : binding parameter (1:VARCHAR) <- [bk]
2026-04-30T00:01:05.666+02:00 DEBUG 20748 --- [lab1_eimt_fulll] [http-nio-8080-exec-8] org.hibernate.SQL                        : select a1_0.id,c1_0.id,c1_0.continent,c1_0.name,a1_0.created_at,a1_0.name,a1_0.surname,a1_0.updated_at from author a1_0 left join country c1_0 on c1_0.id=a1_0.country_id where a1_0.id=?
2026-04-30T00:01:05.666+02:00 TRACE 20748 --- [lab1_eimt_fulll] [http-nio-8080-exec-8] org.hibernate.orm.jdbc.bind              : binding parameter (1:BIGINT) <- [3]
2026-04-30T00:01:05.683+02:00 DEBUG 20748 --- [lab1_eimt_fulll] [http-nio-8080-exec-9] org.hibernate.SQL                        : select u1_0.id,u1_0.created_at,u1_0.email,u1_0.name,u1_0.password,u1_0.role,u1_0.surname,u1_0.updated_at,u1_0.username from users u1_0 where u1_0.username=?
2026-04-30T00:01:05.683+02:00 TRACE 20748 --- [lab1_eimt_fulll] [http-nio-8080-exec-9] org.hibernate.orm.jdbc.bind              : binding parameter (1:VARCHAR) <- [bk]
2026-04-30T00:01:05.692+02:00 DEBUG 20748 --- [lab1_eimt_fulll] [http-nio-8080-exec-9] org.hibernate.SQL                        : select a1_0.id,c1_0.id,c1_0.continent,c1_0.name,a1_0.created_at,a1_0.name,a1_0.surname,a1_0.updated_at from author a1_0 left join country c1_0 on c1_0.id=a1_0.country_id where a1_0.id=?
2026-04-30T00:01:05.693+02:00 TRACE 20748 --- [lab1_eimt_fulll] [http-nio-8080-exec-9] org.hibernate.orm.jdbc.bind              : binding parameter (1:BIGINT) <- [3]
2026-04-30T00:01:06.829+02:00 DEBUG 20748 --- [lab1_eimt_fulll] [http-nio-8080-exec-1] org.hibernate.SQL                        : select u1_0.id,u1_0.created_at,u1_0.email,u1_0.name,u1_0.password,u1_0.role,u1_0.surname,u1_0.updated_at,u1_0.username from users u1_0 where u1_0.username=?
2026-04-30T00:01:06.834+02:00 TRACE 20748 --- [lab1_eimt_fulll] [http-nio-8080-exec-1] org.hibernate.orm.jdbc.bind              : binding parameter (1:VARCHAR) <- [bk]
2026-04-30T00:01:06.842+02:00 DEBUG 20748 --- [lab1_eimt_fulll] [http-nio-8080-exec-1] org.hibernate.SQL                        : select a1_0.id,a1_0.country_id,a1_0.created_at,a1_0.name,a1_0.surname,a1_0.updated_at from author a1_0
2026-04-30T00:01:06.846+02:00 DEBUG 20748 --- [lab1_eimt_fulll] [http-nio-8080-exec-1] org.hibernate.SQL                        : select c1_0.id,c1_0.continent,c1_0.name from country c1_0 where c1_0.id=?
2026-04-30T00:01:06.846+02:00 TRACE 20748 --- [lab1_eimt_fulll] [http-nio-8080-exec-1] org.hibernate.orm.jdbc.bind              : binding parameter (1:BIGINT) <- [1]
2026-04-30T00:01:06.850+02:00 DEBUG 20748 --- [lab1_eimt_fulll] [http-nio-8080-exec-1] org.hibernate.SQL                        : select c1_0.id,c1_0.continent,c1_0.name from country c1_0 where c1_0.id=?
2026-04-30T00:01:06.851+02:00 TRACE 20748 --- [lab1_eimt_fulll] [http-nio-8080-exec-1] org.hibernate.orm.jdbc.bind              : binding parameter (1:BIGINT) <- [2]
2026-04-30T00:01:06.854+02:00 DEBUG 20748 --- [lab1_eimt_fulll] [http-nio-8080-exec-1] org.hibernate.SQL                        : select c1_0.id,c1_0.continent,c1_0.name from country c1_0 where c1_0.id=?
2026-04-30T00:01:06.854+02:00 TRACE 20748 --- [lab1_eimt_fulll] [http-nio-8080-exec-1] org.hibernate.orm.jdbc.bind              : binding parameter (1:BIGINT) <- [3]
2026-04-30T00:01:06.869+02:00 DEBUG 20748 --- [lab1_eimt_fulll] [http-nio-8080-exec-10] org.hibernate.SQL                        : select u1_0.id,u1_0.created_at,u1_0.email,u1_0.name,u1_0.password,u1_0.role,u1_0.surname,u1_0.updated_at,u1_0.username from users u1_0 where u1_0.username=?
2026-04-30T00:01:06.870+02:00 TRACE 20748 --- [lab1_eimt_fulll] [http-nio-8080-exec-10] org.hibernate.orm.jdbc.bind              : binding parameter (1:VARCHAR) <- [bk]
2026-04-30T00:01:06.876+02:00 DEBUG 20748 --- [lab1_eimt_fulll] [http-nio-8080-exec-10] org.hibernate.SQL                        : select a1_0.id,a1_0.country_id,a1_0.created_at,a1_0.name,a1_0.surname,a1_0.updated_at from author a1_0
2026-04-30T00:01:06.881+02:00 DEBUG 20748 --- [lab1_eimt_fulll] [http-nio-8080-exec-10] org.hibernate.SQL                        : select c1_0.id,c1_0.continent,c1_0.name from country c1_0 where c1_0.id=?
2026-04-30T00:01:06.881+02:00 TRACE 20748 --- [lab1_eimt_fulll] [http-nio-8080-exec-10] org.hibernate.orm.jdbc.bind              : binding parameter (1:BIGINT) <- [1]
2026-04-30T00:01:06.884+02:00 DEBUG 20748 --- [lab1_eimt_fulll] [http-nio-8080-exec-10] org.hibernate.SQL                        : select c1_0.id,c1_0.continent,c1_0.name from country c1_0 where c1_0.id=?
2026-04-30T00:01:06.885+02:00 TRACE 20748 --- [lab1_eimt_fulll] [http-nio-8080-exec-10] org.hibernate.orm.jdbc.bind              : binding parameter (1:BIGINT) <- [2]
2026-04-30T00:01:06.888+02:00 DEBUG 20748 --- [lab1_eimt_fulll] [http-nio-8080-exec-10] org.hibernate.SQL                        : select c1_0.id,c1_0.continent,c1_0.name from country c1_0 where c1_0.id=?
2026-04-30T00:01:06.888+02:00 TRACE 20748 --- [lab1_eimt_fulll] [http-nio-8080-exec-10] org.hibernate.orm.jdbc.bind              : binding parameter (1:BIGINT) <- [3]
2026-04-30T00:01:07.946+02:00 DEBUG 20748 --- [lab1_eimt_fulll] [http-nio-8080-exec-2] org.hibernate.SQL                        : select u1_0.id,u1_0.created_at,u1_0.email,u1_0.name,u1_0.password,u1_0.role,u1_0.surname,u1_0.updated_at,u1_0.username from users u1_0 where u1_0.username=?
2026-04-30T00:01:07.950+02:00 TRACE 20748 --- [lab1_eimt_fulll] [http-nio-8080-exec-2] org.hibernate.orm.jdbc.bind              : binding parameter (1:VARCHAR) <- [bk]
2026-04-30T00:01:07.959+02:00 DEBUG 20748 --- [lab1_eimt_fulll] [http-nio-8080-exec-2] org.hibernate.SQL                        : select a1_0.id,c1_0.id,c1_0.continent,c1_0.name,a1_0.created_at,a1_0.name,a1_0.surname,a1_0.updated_at from author a1_0 left join country c1_0 on c1_0.id=a1_0.country_id where a1_0.id=?
2026-04-30T00:01:07.959+02:00 TRACE 20748 --- [lab1_eimt_fulll] [http-nio-8080-exec-2] org.hibernate.orm.jdbc.bind              : binding parameter (1:BIGINT) <- [3]
2026-04-30T00:01:07.976+02:00 DEBUG 20748 --- [lab1_eimt_fulll] [http-nio-8080-exec-4] org.hibernate.SQL                        : select u1_0.id,u1_0.created_at,u1_0.email,u1_0.name,u1_0.password,u1_0.role,u1_0.surname,u1_0.updated_at,u1_0.username from users u1_0 where u1_0.username=?
2026-04-30T00:01:07.976+02:00 TRACE 20748 --- [lab1_eimt_fulll] [http-nio-8080-exec-4] org.hibernate.orm.jdbc.bind              : binding parameter (1:VARCHAR) <- [bk]
2026-04-30T00:01:07.984+02:00 DEBUG 20748 --- [lab1_eimt_fulll] [http-nio-8080-exec-4] org.hibernate.SQL                        : select a1_0.id,c1_0.id,c1_0.continent,c1_0.name,a1_0.created_at,a1_0.name,a1_0.surname,a1_0.updated_at from author a1_0 left join country c1_0 on c1_0.id=a1_0.country_id where a1_0.id=?
2026-04-30T00:01:07.984+02:00 TRACE 20748 --- [lab1_eimt_fulll] [http-nio-8080-exec-4] org.hibernate.orm.jdbc.bind              : binding parameter (1:BIGINT) <- [3]
2026-04-30T00:01:08.779+02:00 DEBUG 20748 --- [lab1_eimt_fulll] [http-nio-8080-exec-7] org.hibernate.SQL                        : select u1_0.id,u1_0.created_at,u1_0.email,u1_0.name,u1_0.password,u1_0.role,u1_0.surname,u1_0.updated_at,u1_0.username from users u1_0 where u1_0.username=?
2026-04-30T00:01:08.784+02:00 TRACE 20748 --- [lab1_eimt_fulll] [http-nio-8080-exec-7] org.hibernate.orm.jdbc.bind              : binding parameter (1:VARCHAR) <- [bk]
2026-04-30T00:01:08.791+02:00 DEBUG 20748 --- [lab1_eimt_fulll] [http-nio-8080-exec-7] org.hibernate.SQL                        : select a1_0.id,a1_0.country_id,a1_0.created_at,a1_0.name,a1_0.surname,a1_0.updated_at from author a1_0
2026-04-30T00:01:08.794+02:00 DEBUG 20748 --- [lab1_eimt_fulll] [http-nio-8080-exec-7] org.hibernate.SQL                        : select c1_0.id,c1_0.continent,c1_0.name from country c1_0 where c1_0.id=?
2026-04-30T00:01:08.795+02:00 TRACE 20748 --- [lab1_eimt_fulll] [http-nio-8080-exec-7] org.hibernate.orm.jdbc.bind              : binding parameter (1:BIGINT) <- [1]
2026-04-30T00:01:08.797+02:00 DEBUG 20748 --- [lab1_eimt_fulll] [http-nio-8080-exec-7] org.hibernate.SQL                        : select c1_0.id,c1_0.continent,c1_0.name from country c1_0 where c1_0.id=?
2026-04-30T00:01:08.797+02:00 TRACE 20748 --- [lab1_eimt_fulll] [http-nio-8080-exec-7] org.hibernate.orm.jdbc.bind              : binding parameter (1:BIGINT) <- [2]
2026-04-30T00:01:08.800+02:00 DEBUG 20748 --- [lab1_eimt_fulll] [http-nio-8080-exec-7] org.hibernate.SQL                        : select c1_0.id,c1_0.continent,c1_0.name from country c1_0 where c1_0.id=?
2026-04-30T00:01:08.801+02:00 TRACE 20748 --- [lab1_eimt_fulll] [http-nio-8080-exec-7] org.hibernate.orm.jdbc.bind              : binding parameter (1:BIGINT) <- [3]
2026-04-30T00:01:08.813+02:00 DEBUG 20748 --- [lab1_eimt_fulll] [http-nio-8080-exec-5] org.hibernate.SQL                        : select u1_0.id,u1_0.created_at,u1_0.email,u1_0.name,u1_0.password,u1_0.role,u1_0.surname,u1_0.updated_at,u1_0.username from users u1_0 where u1_0.username=?
2026-04-30T00:01:08.814+02:00 TRACE 20748 --- [lab1_eimt_fulll] [http-nio-8080-exec-5] org.hibernate.orm.jdbc.bind              : binding parameter (1:VARCHAR) <- [bk]
2026-04-30T00:01:08.823+02:00 DEBUG 20748 --- [lab1_eimt_fulll] [http-nio-8080-exec-5] org.hibernate.SQL                        : select a1_0.id,a1_0.country_id,a1_0.created_at,a1_0.name,a1_0.surname,a1_0.updated_at from author a1_0
2026-04-30T00:01:08.826+02:00 DEBUG 20748 --- [lab1_eimt_fulll] [http-nio-8080-exec-5] org.hibernate.SQL                        : select c1_0.id,c1_0.continent,c1_0.name from country c1_0 where c1_0.id=?
2026-04-30T00:01:08.826+02:00 TRACE 20748 --- [lab1_eimt_fulll] [http-nio-8080-exec-5] org.hibernate.orm.jdbc.bind              : binding parameter (1:BIGINT) <- [1]
2026-04-30T00:01:08.829+02:00 DEBUG 20748 --- [lab1_eimt_fulll] [http-nio-8080-exec-5] org.hibernate.SQL                        : select c1_0.id,c1_0.continent,c1_0.name from country c1_0 where c1_0.id=?
2026-04-30T00:01:08.830+02:00 TRACE 20748 --- [lab1_eimt_fulll] [http-nio-8080-exec-5] org.hibernate.orm.jdbc.bind              : binding parameter (1:BIGINT) <- [2]
2026-04-30T00:01:08.832+02:00 DEBUG 20748 --- [lab1_eimt_fulll] [http-nio-8080-exec-5] org.hibernate.SQL                        : select c1_0.id,c1_0.continent,c1_0.name from country c1_0 where c1_0.id=?
2026-04-30T00:01:08.832+02:00 TRACE 20748 --- [lab1_eimt_fulll] [http-nio-8080-exec-5] org.hibernate.orm.jdbc.bind              : binding parameter (1:BIGINT) <- [3]
2026-04-30T00:01:09.210+02:00 DEBUG 20748 --- [lab1_eimt_fulll] [http-nio-8080-exec-1] org.hibernate.SQL                        : select u1_0.id,u1_0.created_at,u1_0.email,u1_0.name,u1_0.password,u1_0.role,u1_0.surname,u1_0.updated_at,u1_0.username from users u1_0 where u1_0.username=?
2026-04-30T00:01:09.210+02:00 TRACE 20748 --- [lab1_eimt_fulll] [http-nio-8080-exec-1] org.hibernate.orm.jdbc.bind              : binding parameter (1:VARCHAR) <- [bk]
2026-04-30T00:01:09.218+02:00 DEBUG 20748 --- [lab1_eimt_fulll] [http-nio-8080-exec-1] org.hibernate.SQL                        : select a1_0.id,c1_0.id,c1_0.continent,c1_0.name,a1_0.created_at,a1_0.name,a1_0.surname,a1_0.updated_at from author a1_0 left join country c1_0 on c1_0.id=a1_0.country_id where a1_0.id=?
2026-04-30T00:01:09.218+02:00 TRACE 20748 --- [lab1_eimt_fulll] [http-nio-8080-exec-1] org.hibernate.orm.jdbc.bind              : binding parameter (1:BIGINT) <- [2]
2026-04-30T00:01:09.232+02:00 DEBUG 20748 --- [lab1_eimt_fulll] [http-nio-8080-exec-10] org.hibernate.SQL                        : select u1_0.id,u1_0.created_at,u1_0.email,u1_0.name,u1_0.password,u1_0.role,u1_0.surname,u1_0.updated_at,u1_0.username from users u1_0 where u1_0.username=?
2026-04-30T00:01:09.232+02:00 TRACE 20748 --- [lab1_eimt_fulll] [http-nio-8080-exec-10] org.hibernate.orm.jdbc.bind              : binding parameter (1:VARCHAR) <- [bk]
2026-04-30T00:01:09.240+02:00 DEBUG 20748 --- [lab1_eimt_fulll] [http-nio-8080-exec-10] org.hibernate.SQL                        : select a1_0.id,c1_0.id,c1_0.continent,c1_0.name,a1_0.created_at,a1_0.name,a1_0.surname,a1_0.updated_at from author a1_0 left join country c1_0 on c1_0.id=a1_0.country_id where a1_0.id=?
2026-04-30T00:01:09.241+02:00 TRACE 20748 --- [lab1_eimt_fulll] [http-nio-8080-exec-10] org.hibernate.orm.jdbc.bind              : binding parameter (1:BIGINT) <- [2]
2026-04-30T00:01:09.659+02:00 DEBUG 20748 --- [lab1_eimt_fulll] [http-nio-8080-exec-2] org.hibernate.SQL                        : select u1_0.id,u1_0.created_at,u1_0.email,u1_0.name,u1_0.password,u1_0.role,u1_0.surname,u1_0.updated_at,u1_0.username from users u1_0 where u1_0.username=?
2026-04-30T00:01:09.659+02:00 TRACE 20748 --- [lab1_eimt_fulll] [http-nio-8080-exec-2] org.hibernate.orm.jdbc.bind              : binding parameter (1:VARCHAR) <- [bk]
2026-04-30T00:01:09.668+02:00 DEBUG 20748 --- [lab1_eimt_fulll] [http-nio-8080-exec-2] org.hibernate.SQL                        : select a1_0.id,a1_0.country_id,a1_0.created_at,a1_0.name,a1_0.surname,a1_0.updated_at from author a1_0
2026-04-30T00:01:09.673+02:00 DEBUG 20748 --- [lab1_eimt_fulll] [http-nio-8080-exec-2] org.hibernate.SQL                        : select c1_0.id,c1_0.continent,c1_0.name from country c1_0 where c1_0.id=?
2026-04-30T00:01:09.673+02:00 TRACE 20748 --- [lab1_eimt_fulll] [http-nio-8080-exec-2] org.hibernate.orm.jdbc.bind              : binding parameter (1:BIGINT) <- [1]
2026-04-30T00:01:09.676+02:00 DEBUG 20748 --- [lab1_eimt_fulll] [http-nio-8080-exec-2] org.hibernate.SQL                        : select c1_0.id,c1_0.continent,c1_0.name from country c1_0 where c1_0.id=?
2026-04-30T00:01:09.676+02:00 TRACE 20748 --- [lab1_eimt_fulll] [http-nio-8080-exec-2] org.hibernate.orm.jdbc.bind              : binding parameter (1:BIGINT) <- [2]
2026-04-30T00:01:09.679+02:00 DEBUG 20748 --- [lab1_eimt_fulll] [http-nio-8080-exec-2] org.hibernate.SQL                        : select c1_0.id,c1_0.continent,c1_0.name from country c1_0 where c1_0.id=?
2026-04-30T00:01:09.679+02:00 TRACE 20748 --- [lab1_eimt_fulll] [http-nio-8080-exec-2] org.hibernate.orm.jdbc.bind              : binding parameter (1:BIGINT) <- [3]
2026-04-30T00:01:09.697+02:00 DEBUG 20748 --- [lab1_eimt_fulll] [http-nio-8080-exec-4] org.hibernate.SQL                        : select u1_0.id,u1_0.created_at,u1_0.email,u1_0.name,u1_0.password,u1_0.role,u1_0.surname,u1_0.updated_at,u1_0.username from users u1_0 where u1_0.username=?
2026-04-30T00:01:09.698+02:00 TRACE 20748 --- [lab1_eimt_fulll] [http-nio-8080-exec-4] org.hibernate.orm.jdbc.bind              : binding parameter (1:VARCHAR) <- [bk]
2026-04-30T00:01:09.708+02:00 DEBUG 20748 --- [lab1_eimt_fulll] [http-nio-8080-exec-4] org.hibernate.SQL                        : select a1_0.id,a1_0.country_id,a1_0.created_at,a1_0.name,a1_0.surname,a1_0.updated_at from author a1_0
2026-04-30T00:01:09.711+02:00 DEBUG 20748 --- [lab1_eimt_fulll] [http-nio-8080-exec-4] org.hibernate.SQL                        : select c1_0.id,c1_0.continent,c1_0.name from country c1_0 where c1_0.id=?
2026-04-30T00:01:09.712+02:00 TRACE 20748 --- [lab1_eimt_fulll] [http-nio-8080-exec-4] org.hibernate.orm.jdbc.bind              : binding parameter (1:BIGINT) <- [1]
2026-04-30T00:01:09.715+02:00 DEBUG 20748 --- [lab1_eimt_fulll] [http-nio-8080-exec-4] org.hibernate.SQL                        : select c1_0.id,c1_0.continent,c1_0.name from country c1_0 where c1_0.id=?
2026-04-30T00:01:09.715+02:00 TRACE 20748 --- [lab1_eimt_fulll] [http-nio-8080-exec-4] org.hibernate.orm.jdbc.bind              : binding parameter (1:BIGINT) <- [2]
2026-04-30T00:01:09.718+02:00 DEBUG 20748 --- [lab1_eimt_fulll] [http-nio-8080-exec-4] org.hibernate.SQL                        : select c1_0.id,c1_0.continent,c1_0.name from country c1_0 where c1_0.id=?
2026-04-30T00:01:09.718+02:00 TRACE 20748 --- [lab1_eimt_fulll] [http-nio-8080-exec-4] org.hibernate.orm.jdbc.bind              : binding parameter (1:BIGINT) <- [3]
2026-04-30T00:01:11.864+02:00 DEBUG 20748 --- [lab1_eimt_fulll] [http-nio-8080-exec-7] org.hibernate.SQL                        : select u1_0.id,u1_0.created_at,u1_0.email,u1_0.name,u1_0.password,u1_0.role,u1_0.surname,u1_0.updated_at,u1_0.username from users u1_0 where u1_0.username=?
2026-04-30T00:01:11.866+02:00 TRACE 20748 --- [lab1_eimt_fulll] [http-nio-8080-exec-7] org.hibernate.orm.jdbc.bind              : binding parameter (1:VARCHAR) <- [bk]
2026-04-30T00:01:11.875+02:00 DEBUG 20748 --- [lab1_eimt_fulll] [http-nio-8080-exec-7] org.hibernate.SQL                        : select c1_0.id,c1_0.continent,c1_0.name from country c1_0
2026-04-30T00:01:11.892+02:00 DEBUG 20748 --- [lab1_eimt_fulll] [http-nio-8080-exec-5] org.hibernate.SQL                        : select u1_0.id,u1_0.created_at,u1_0.email,u1_0.name,u1_0.password,u1_0.role,u1_0.surname,u1_0.updated_at,u1_0.username from users u1_0 where u1_0.username=?
2026-04-30T00:01:11.892+02:00 TRACE 20748 --- [lab1_eimt_fulll] [http-nio-8080-exec-5] org.hibernate.orm.jdbc.bind              : binding parameter (1:VARCHAR) <- [bk]
2026-04-30T00:01:11.902+02:00 DEBUG 20748 --- [lab1_eimt_fulll] [http-nio-8080-exec-5] org.hibernate.SQL                        : select c1_0.id,c1_0.continent,c1_0.name from country c1_0
2026-04-30T00:01:12.877+02:00 DEBUG 20748 --- [lab1_eimt_fulll] [http-nio-8080-exec-1] org.hibernate.SQL                        : select u1_0.id,u1_0.created_at,u1_0.email,u1_0.name,u1_0.password,u1_0.role,u1_0.surname,u1_0.updated_at,u1_0.username from users u1_0 where u1_0.username=?
2026-04-30T00:01:12.880+02:00 TRACE 20748 --- [lab1_eimt_fulll] [http-nio-8080-exec-1] org.hibernate.orm.jdbc.bind              : binding parameter (1:VARCHAR) <- [bk]
2026-04-30T00:01:12.888+02:00 DEBUG 20748 --- [lab1_eimt_fulll] [http-nio-8080-exec-1] org.hibernate.SQL                        : select c1_0.id,c1_0.continent,c1_0.name from country c1_0 where c1_0.id=?
2026-04-30T00:01:12.889+02:00 TRACE 20748 --- [lab1_eimt_fulll] [http-nio-8080-exec-1] org.hibernate.orm.jdbc.bind              : binding parameter (1:BIGINT) <- [1]
2026-04-30T00:01:12.904+02:00 DEBUG 20748 --- [lab1_eimt_fulll] [http-nio-8080-exec-10] org.hibernate.SQL                        : select u1_0.id,u1_0.created_at,u1_0.email,u1_0.name,u1_0.password,u1_0.role,u1_0.surname,u1_0.updated_at,u1_0.username from users u1_0 where u1_0.username=?
2026-04-30T00:01:12.904+02:00 TRACE 20748 --- [lab1_eimt_fulll] [http-nio-8080-exec-10] org.hibernate.orm.jdbc.bind              : binding parameter (1:VARCHAR) <- [bk]
2026-04-30T00:01:12.914+02:00 DEBUG 20748 --- [lab1_eimt_fulll] [http-nio-8080-exec-10] org.hibernate.SQL                        : select c1_0.id,c1_0.continent,c1_0.name from country c1_0 where c1_0.id=?
2026-04-30T00:01:12.914+02:00 TRACE 20748 --- [lab1_eimt_fulll] [http-nio-8080-exec-10] org.hibernate.orm.jdbc.bind              : binding parameter (1:BIGINT) <- [1]
2026-04-30T00:01:13.861+02:00 DEBUG 20748 --- [lab1_eimt_fulll] [http-nio-8080-exec-2] org.hibernate.SQL                        : select u1_0.id,u1_0.created_at,u1_0.email,u1_0.name,u1_0.password,u1_0.role,u1_0.surname,u1_0.updated_at,u1_0.username from users u1_0 where u1_0.username=?
2026-04-30T00:01:13.865+02:00 TRACE 20748 --- [lab1_eimt_fulll] [http-nio-8080-exec-2] org.hibernate.orm.jdbc.bind              : binding parameter (1:VARCHAR) <- [bk]
2026-04-30T00:01:13.874+02:00 DEBUG 20748 --- [lab1_eimt_fulll] [http-nio-8080-exec-2] org.hibernate.SQL                        : select c1_0.id,c1_0.continent,c1_0.name from country c1_0
2026-04-30T00:01:13.890+02:00 DEBUG 20748 --- [lab1_eimt_fulll] [http-nio-8080-exec-4] org.hibernate.SQL                        : select u1_0.id,u1_0.created_at,u1_0.email,u1_0.name,u1_0.password,u1_0.role,u1_0.surname,u1_0.updated_at,u1_0.username from users u1_0 where u1_0.username=?
2026-04-30T00:01:13.891+02:00 TRACE 20748 --- [lab1_eimt_fulll] [http-nio-8080-exec-4] org.hibernate.orm.jdbc.bind              : binding parameter (1:VARCHAR) <- [bk]
2026-04-30T00:01:13.900+02:00 DEBUG 20748 --- [lab1_eimt_fulll] [http-nio-8080-exec-4] org.hibernate.SQL                        : select c1_0.id,c1_0.continent,c1_0.name from country c1_0
2026-04-30T00:01:14.843+02:00 DEBUG 20748 --- [lab1_eimt_fulll] [http-nio-8080-exec-7] org.hibernate.SQL                        : select u1_0.id,u1_0.created_at,u1_0.email,u1_0.name,u1_0.password,u1_0.role,u1_0.surname,u1_0.updated_at,u1_0.username from users u1_0 where u1_0.username=?
2026-04-30T00:01:14.847+02:00 TRACE 20748 --- [lab1_eimt_fulll] [http-nio-8080-exec-7] org.hibernate.orm.jdbc.bind              : binding parameter (1:VARCHAR) <- [bk]
2026-04-30T00:01:14.855+02:00 DEBUG 20748 --- [lab1_eimt_fulll] [http-nio-8080-exec-7] org.hibernate.SQL                        : select c1_0.id,c1_0.continent,c1_0.name from country c1_0 where c1_0.id=?
2026-04-30T00:01:14.855+02:00 TRACE 20748 --- [lab1_eimt_fulll] [http-nio-8080-exec-7] org.hibernate.orm.jdbc.bind              : binding parameter (1:BIGINT) <- [3]
2026-04-30T00:01:14.888+02:00 DEBUG 20748 --- [lab1_eimt_fulll] [http-nio-8080-exec-5] org.hibernate.SQL                        : select u1_0.id,u1_0.created_at,u1_0.email,u1_0.name,u1_0.password,u1_0.role,u1_0.surname,u1_0.updated_at,u1_0.username from users u1_0 where u1_0.username=?
2026-04-30T00:01:14.888+02:00 TRACE 20748 --- [lab1_eimt_fulll] [http-nio-8080-exec-5] org.hibernate.orm.jdbc.bind              : binding parameter (1:VARCHAR) <- [bk]
2026-04-30T00:01:14.900+02:00 DEBUG 20748 --- [lab1_eimt_fulll] [http-nio-8080-exec-5] org.hibernate.SQL                        : select c1_0.id,c1_0.continent,c1_0.name from country c1_0 where c1_0.id=?
2026-04-30T00:01:14.900+02:00 TRACE 20748 --- [lab1_eimt_fulll] [http-nio-8080-exec-5] org.hibernate.orm.jdbc.bind              : binding parameter (1:BIGINT) <- [3]
2026-04-30T00:01:15.544+02:00 DEBUG 20748 --- [lab1_eimt_fulll] [http-nio-8080-exec-8] org.hibernate.SQL                        : select u1_0.id,u1_0.created_at,u1_0.email,u1_0.name,u1_0.password,u1_0.role,u1_0.surname,u1_0.updated_at,u1_0.username from users u1_0 where u1_0.username=?
2026-04-30T00:01:15.549+02:00 TRACE 20748 --- [lab1_eimt_fulll] [http-nio-8080-exec-8] org.hibernate.orm.jdbc.bind              : binding parameter (1:VARCHAR) <- [bk]
2026-04-30T00:01:15.561+02:00 DEBUG 20748 --- [lab1_eimt_fulll] [http-nio-8080-exec-8] org.hibernate.SQL                        : select c1_0.id,c1_0.continent,c1_0.name from country c1_0
2026-04-30T00:01:15.577+02:00 DEBUG 20748 --- [lab1_eimt_fulll] [http-nio-8080-exec-9] org.hibernate.SQL                        : select u1_0.id,u1_0.created_at,u1_0.email,u1_0.name,u1_0.password,u1_0.role,u1_0.surname,u1_0.updated_at,u1_0.username from users u1_0 where u1_0.username=?
2026-04-30T00:01:15.577+02:00 TRACE 20748 --- [lab1_eimt_fulll] [http-nio-8080-exec-9] org.hibernate.orm.jdbc.bind              : binding parameter (1:VARCHAR) <- [bk]
2026-04-30T00:01:15.584+02:00 DEBUG 20748 --- [lab1_eimt_fulll] [http-nio-8080-exec-9] org.hibernate.SQL                        : select c1_0.id,c1_0.continent,c1_0.name from country c1_0
2026-04-30T00:01:22.133+02:00  INFO 20748 --- [lab1_eimt_fulll] [scheduling-1] w.l.b.s.a.MaterializedViewRefreshService : Zapocnuvanje so refresh na materialized view: book_category_stats
2026-04-30T00:01:22.133+02:00 DEBUG 20748 --- [lab1_eimt_fulll] [scheduling-1] org.hibernate.SQL                        : REFRESH MATERIALIZED VIEW book_category_stats
2026-04-30T00:01:22.147+02:00  INFO 20748 --- [lab1_eimt_fulll] [scheduling-1] w.l.b.s.a.MaterializedViewRefreshService : Materialized view book_category_stats e uspesno zavrsen
2026-04-30T00:01:40.713+02:00  INFO 20748 --- [lab1_eimt_fulll] [SpringApplicationShutdownHook] com.zaxxer.hikari.HikariDataSource       : HikariPool-1 - Shutdown initiated...
2026-04-30T00:01:40.740+02:00  INFO 20748 --- [lab1_eimt_fulll] [SpringApplicationShutdownHook] com.zaxxer.hikari.HikariDataSource       : HikariPool-1 - Shutdown completed.
